{
  "version": "0.0.0-test",
  "timestamp": "2026-01-15T10:30:00Z",
  "system": {
    "hostname": "test-host",
    "os": "linux",
    "os_version": "6.1.0",
    "arch": "amd64",
    "distro_id": "ubuntu",
    "distro_version": "22.04",
    "distro_family": "debian",
    "env_type": "bare-metal",
    "profile": "server",
    "is_root": true
  },
  "filters": {
    "show": "findings",
    "profile": "server",
    "explain": false
  },
  "summary": {
    "total_checks": 5,
    "passed": 2,
    "failed": 2,
    "skipped": 1,
    "errors": 0,
    "accepted": 0,
    "duration_ms": 123
  },
  "results": [
    {
      "id": "passwd_exists",
      "name": "Password file exists",
      "category": "authentication",
      "severity": "low",
      "status": "pass",
      "message": "file exists: /etc/passwd",
      "duration_ms": 1,
      "impact": "Without /etc/passwd, user authentication breaks entirely",
      "explain": "The passwd file maps usernames to UIDs",
      "break_risk": "No risk — this check only verifies the file exists",
      "remediation": "Create /etc/passwd"
    },
    {
      "id": "ssh_root_login",
      "name": "SSH Root Login Disabled",
      "category": "ssh",
      "severity": "critical",
      "status": "fail",
      "message": "pattern not found: PermitRootLogin no",
      "duration_ms": 3,
      "impact": "Attacker can brute-force root password",
      "explain": "Root login via SSH is dangerous",
      "break_risk": "May lock out users who rely on root SSH",
      "remediation": "Set PermitRootLogin to no in /etc/ssh/sshd_config"
    },
    {
      "id": "cramfs_disabled",
      "name": "cramfs module disabled",
      "category": "kernel",
      "severity": "medium",
      "status": "skip",
      "message": "OS \"darwin\" not in supported list [linux]",
      "duration_ms": 0
    },
    {
      "id": "shadow_perms",
      "name": "Shadow file permissions",
      "category": "authentication",
      "severity": "low",
      "original_severity": "high",
      "status": "fail",
      "message": "permissions mismatch: /etc/shadow has 0644, expected 0640",
      "duration_ms": 2,
      "remediation": "chmod 640 /etc/shadow"
    },
    {
      "id": "sshd_running",
      "name": "SSHD service running",
      "category": "ssh",
      "severity": "info",
      "status": "pass",
      "message": "service is running",
      "duration_ms": 5,
      "remediation": "Start sshd service"
    }
  ]
}
